apiVersion: v1
kind: Namespace
metadata:
  annotations: {}
  labels:
    app.kubernetes.io/name: syn-fluentd-forwarder
    name: syn-fluentd-forwarder
  name: syn-fluentd-forwarder
