apiVersion: v1
kind: ServiceAccount
metadata:
  annotations: {}
  labels:
    name: fluentd-forwarder
  name: fluentd-forwarder
