apiVersion: v1
data:
  log_level: info
  output_format: '%Y-%m-%d_%H%M'
  s3_bucket: hier
  s3_endpoint: da
  s3_interval: 5m
  td-agent.conf: |
    <system>
      log_level "#{ENV['LOG_LEVEL']}"
    </system>
    <source>
      @type forward
      port 24224
      null
      <security>
        shared_key "#{ENV['SHARED_KEY']}"
        self_hostname "#{ENV['HOSTNAME']}"
      </security>
    </source>

    <match kubernetes.**>
      @type rewrite_tag_filter
      <rule>
        key $['kubernetes']['namespace_name']
        pattern ^(.+)$
        tag kube.$1
      </rule>
    </match>

    <match kube.prod-vshn-zrh-tg-mt-07c9725629384b6b>
      @type s3
    <format>
      @type json
    </format>
    aws_key_id "#{ENV['S3_ACCESSKEY']}"
    aws_sec_key "#{ENV['S3_SECRETKEY']}"
    s3_bucket "#{ENV['S3_BUCKET']}"
    s3_endpoint "#{ENV['S3_ENDPOINT']}"
    time_slice_format "#{ENV['OUTPUT_FORMAT']}"
    <buffer time>
      @type memory
      compress text
      chunk_limit_size 256m
      timekey "#{ENV['S3_INTERVAL']}"
      timekey_wait 1m
      timekey_use_utc true
    </buffer>
    /
      path test/prod-vshn-zrh-tg-mt-07c9725629384b6b/
    </match>
kind: ConfigMap
metadata:
  annotations: {}
  labels:
    name: fluentd-forwarder
  name: fluentd-forwarder
