apiVersion: v1
data: {}
kind: Secret
metadata:
  annotations: {}
  labels:
    name: fluentd-forwarder
  name: fluentd-forwarder
stringData:
  s3_accesskey: t-silent-test-1234/c-green-test-1234/fluentd-forwarder/fluentd-forwarder/s3_accesskey
  s3_secretkey: t-silent-test-1234/c-green-test-1234/fluentd-forwarder/fluentd-forwarder/s3_secretkey
  shared_key: t-silent-test-1234/c-green-test-1234/fluentd-forwarder/fluentd-forwarder/sharedkey
type: Opaque
