apiVersion: v1
kind: Service
metadata:
  annotations: {}
  labels:
    name: fluentd-forwarder
  name: fluentd-forwarder
spec:
  ports:
    - name: forwarder-tcp
      port: 24224
      targetPort: 24224
  selector:
    name: fluentd-forwarder
  sessionAffinity: None
  type: ClusterIP
